// Jest Snapshot v1, https://goo.gl/fbAQLP

exports[`History renders properly 1`] = `
ShallowWrapper {
  "length": 1,
  Symbol(enzyme.__root__): [Circular],
  Symbol(enzyme.__unrendered__): <History
    transactions={
        Array [
            Object {
              "amount": 2000,
              "email": "jimmyblogs@zopa.com",
              "name": "Jimmy",
            },
          ]
    }
/>,
  Symbol(enzyme.__renderer__): Object {
    "batchedUpdates": [Function],
    "getNode": [Function],
    "render": [Function],
    "simulateEvent": [Function],
    "unmount": [Function],
  },
  Symbol(enzyme.__node__): Array [
    <styled.div
      style={
            Object {
                  "borderTop": "none",
                }
      }
>
      <div>
            <styled.div>
                  Jimmy
            </styled.div>
            <styled.div>
                  jimmyblogs@zopa.com
            </styled.div>
      </div>
      <styled.div>
            £2,000.00
      </styled.div>
</styled.div>,
  ],
  Symbol(enzyme.__nodes__): Array [
    Array [
      <styled.div
        style={
                Object {
                        "borderTop": "none",
                      }
        }
>
        <div>
                <styled.div>
                        Jimmy
                </styled.div>
                <styled.div>
                        jimmyblogs@zopa.com
                </styled.div>
        </div>
        <styled.div>
                £2,000.00
        </styled.div>
</styled.div>,
    ],
  ],
  Symbol(enzyme.__options__): Object {
    "adapter": ReactSixteenAdapter {
      "options": Object {
        "enableComponentDidUpdateOnSetState": true,
      },
    },
    "disableLifecycleMethods": true,
  },
}
`;
